C:\Users\User\javaHomework\02NIO\topic1>java -Xmx512m -Xms512m -XX:+PrintGCDetails GCLogAnalysis
正在执行...
[GC (Allocation Failure) [PSYoungGen: 131584K->21503K(153088K)] 131584K->37919K(502784K), 0.0146928 secs] [Times: user=0.02 sys=0.06, real=0.02 secs]
[GC (Allocation Failure) [PSYoungGen: 153087K->21500K(153088K)] 169503K->74011K(502784K), 0.0197420 secs] [Times: user=0.03 sys=0.05, real=0.02 secs]
[GC (Allocation Failure) [PSYoungGen: 152980K->21498K(153088K)] 205491K->120487K(502784K), 0.0160504 secs] [Times: user=0.00 sys=0.06, real=0.02 secs]
[GC (Allocation Failure) [PSYoungGen: 153082K->21498K(153088K)] 252071K->166177K(502784K), 0.0206016 secs] [Times: user=0.03 sys=0.03, real=0.02 secs]
[GC (Allocation Failure) [PSYoungGen: 153082K->21484K(153088K)] 297761K->203352K(502784K), 0.0147097 secs] [Times: user=0.02 sys=0.06, real=0.01 secs]
[GC (Allocation Failure) [PSYoungGen: 153068K->21494K(80384K)] 334936K->247156K(430080K), 0.0174543 secs] [Times: user=0.02 sys=0.08, real=0.02 secs]
[GC (Allocation Failure) [PSYoungGen: 80321K->36924K(116736K)] 305982K->267494K(466432K), 0.0049197 secs] [Times: user=0.00 sys=0.00, real=0.01 secs]
[GC (Allocation Failure) [PSYoungGen: 95804K->51519K(116736K)] 326374K->287741K(466432K), 0.0067180 secs] [Times: user=0.00 sys=0.00, real=0.01 secs]
[GC (Allocation Failure) [PSYoungGen: 110399K->57850K(116736K)] 346621K->307745K(466432K), 0.0099603 secs] [Times: user=0.06 sys=0.03, real=0.01 secs]
[GC (Allocation Failure) [PSYoungGen: 116696K->43371K(116736K)] 366590K->329575K(466432K), 0.0147318 secs] [Times: user=0.03 sys=0.06, real=0.01 secs]
[GC (Allocation Failure) [PSYoungGen: 102251K->25035K(116736K)] 388455K->353190K(466432K), 0.0139707 secs] [Times: user=0.00 sys=0.06, real=0.01 secs]
[Full GC (Ergonomics) [PSYoungGen: 25035K->0K(116736K)] [ParOldGen: 328155K->257421K(349696K)] 353190K->257421K(466432K), [Metaspace: 2638K->2638K(1056768K)], 0.0283423 secs] [Times: user=0.11 sys=0.02, real=0.
03 secs]
[GC (Allocation Failure) [PSYoungGen: 58769K->20793K(116736K)] 316190K->278214K(466432K), 0.0026025 secs] [Times: user=0.09 sys=0.00, real=0.00 secs]
[GC (Allocation Failure) [PSYoungGen: 79673K->20477K(116736K)] 337094K->297272K(466432K), 0.0045131 secs] [Times: user=0.00 sys=0.00, real=0.00 secs]
[GC (Allocation Failure) [PSYoungGen: 79357K->22190K(116736K)] 356152K->318679K(466432K), 0.0048281 secs] [Times: user=0.00 sys=0.00, real=0.00 secs]
[Full GC (Ergonomics) [PSYoungGen: 22190K->0K(116736K)] [ParOldGen: 296488K->278294K(349696K)] 318679K->278294K(466432K), [Metaspace: 2638K->2638K(1056768K)], 0.0287130 secs] [Times: user=0.09 sys=0.00, real=0.
03 secs]
[GC (Allocation Failure) [PSYoungGen: 58774K->20740K(116736K)] 337068K->299034K(466432K), 0.0028093 secs] [Times: user=0.00 sys=0.00, real=0.00 secs]
[GC (Allocation Failure) [PSYoungGen: 79620K->20571K(116736K)] 357914K->318161K(466432K), 0.0048259 secs] [Times: user=0.00 sys=0.00, real=0.01 secs]
[GC (Allocation Failure) [PSYoungGen: 79451K->22230K(116736K)] 377041K->339155K(466432K), 0.0045402 secs] [Times: user=0.08 sys=0.00, real=0.00 secs]
[Full GC (Ergonomics) [PSYoungGen: 22230K->0K(116736K)] [ParOldGen: 316925K->297234K(349696K)] 339155K->297234K(466432K), [Metaspace: 2638K->2638K(1056768K)], 0.0322578 secs] [Times: user=0.09 sys=0.00, real=0.
03 secs]
[GC (Allocation Failure) [PSYoungGen: 58880K->19674K(116736K)] 356114K->316908K(466432K), 0.0031365 secs] [Times: user=0.00 sys=0.00, real=0.00 secs]
[GC (Allocation Failure) [PSYoungGen: 78270K->20061K(116736K)] 375504K->336161K(466432K), 0.0050473 secs] [Times: user=0.00 sys=0.00, real=0.00 secs]
[Full GC (Ergonomics) [PSYoungGen: 20061K->0K(116736K)] [ParOldGen: 316099K->305662K(349696K)] 336161K->305662K(466432K), [Metaspace: 2638K->2638K(1056768K)], 0.0301553 secs] [Times: user=0.16 sys=0.00, real=0.
03 secs]
[Full GC (Ergonomics) [PSYoungGen: 58709K->0K(116736K)] [ParOldGen: 305662K->306612K(349696K)] 364371K->306612K(466432K), [Metaspace: 2638K->2638K(1056768K)], 0.0346512 secs] [Times: user=0.13 sys=0.01, real=0.
03 secs]
[Full GC (Ergonomics) [PSYoungGen: 58880K->0K(116736K)] [ParOldGen: 306612K->313528K(349696K)] 365492K->313528K(466432K), [Metaspace: 2638K->2638K(1056768K)], 0.0327951 secs] [Times: user=0.13 sys=0.00, real=0.
03 secs]
执行结束!共生成对象次数:6235
Heap
 PSYoungGen      total 116736K, used 2557K [0x00000000f5580000, 0x0000000100000000, 0x0000000100000000)
  eden space 58880K, 4% used [0x00000000f5580000,0x00000000f57ff698,0x00000000f8f00000)
  from space 57856K, 0% used [0x00000000f8f00000,0x00000000f8f00000,0x00000000fc780000)
  to   space 57856K, 0% used [0x00000000fc780000,0x00000000fc780000,0x0000000100000000)
 ParOldGen       total 349696K, used 313528K [0x00000000e0000000, 0x00000000f5580000, 0x00000000f5580000)
  object space 349696K, 89% used [0x00000000e0000000,0x00000000f322e1c0,0x00000000f5580000)
 Metaspace       used 2645K, capacity 4486K, committed 4864K, reserved 1056768K
  class space    used 291K, capacity 386K, committed 512K, reserved 1048576K
  
------------------------------默认使用并行GC，FullGC频次越来越快,YoungGC时间在10ms左右，FullGC在30ms左右

C:\Users\User\javaHomework\02NIO\topic1>java -Xmx1g -Xms1g -XX:+PrintGCDetails -XX:+PrintGCDateStamps GCLogAnalysis
正在执行...
2021-07-04T11:54:58.187+0800: [GC (Allocation Failure) [PSYoungGen: 262144K->43504K(305664K)] 262144K->75114K(1005056K), 0.0236802 secs] [Times: user=0.03 sys=0.05, real=0.02 secs]
2021-07-04T11:54:58.312+0800: [GC (Allocation Failure) [PSYoungGen: 305648K->43518K(305664K)] 337258K->144884K(1005056K), 0.0362871 secs] [Times: user=0.02 sys=0.14, real=0.04 secs]
2021-07-04T11:54:58.440+0800: [GC (Allocation Failure) [PSYoungGen: 305662K->43509K(305664K)] 407028K->225094K(1005056K), 0.0286991 secs] [Times: user=0.01 sys=0.14, real=0.03 secs]
2021-07-04T11:54:58.558+0800: [GC (Allocation Failure) [PSYoungGen: 305343K->43512K(305664K)] 486927K->287426K(1005056K), 0.0265517 secs] [Times: user=0.03 sys=0.06, real=0.03 secs]
2021-07-04T11:54:58.671+0800: [GC (Allocation Failure) [PSYoungGen: 305656K->43511K(305664K)] 549570K->362784K(1005056K), 0.0291616 secs] [Times: user=0.00 sys=0.06, real=0.03 secs]
2021-07-04T11:54:58.791+0800: [GC (Allocation Failure) [PSYoungGen: 305655K->43516K(160256K)] 624928K->433099K(859648K), 0.0392071 secs] [Times: user=0.06 sys=0.06, real=0.04 secs]
2021-07-04T11:54:58.869+0800: [GC (Allocation Failure) [PSYoungGen: 160252K->74815K(232960K)] 549835K->470763K(932352K), 0.0097978 secs] [Times: user=0.00 sys=0.00, real=0.01 secs]
2021-07-04T11:54:58.920+0800: [GC (Allocation Failure) [PSYoungGen: 191551K->101500K(232960K)] 587499K->505437K(932352K), 0.0181032 secs] [Times: user=0.06 sys=0.00, real=0.02 secs]
2021-07-04T11:54:58.974+0800: [GC (Allocation Failure) [PSYoungGen: 218213K->111483K(232960K)] 622151K->534950K(932352K), 0.0185763 secs] [Times: user=0.09 sys=0.00, real=0.02 secs]
执行结束!共生成对象次数:7348
Heap
 PSYoungGen      total 232960K, used 116568K [0x00000000eab00000, 0x0000000100000000, 0x0000000100000000)
  eden space 116736K, 4% used [0x00000000eab00000,0x00000000eaff7428,0x00000000f1d00000)
  from space 116224K, 95% used [0x00000000f1d00000,0x00000000f89dee70,0x00000000f8e80000)
  to   space 116224K, 0% used [0x00000000f8e80000,0x00000000f8e80000,0x0000000100000000)
 ParOldGen       total 699392K, used 423466K [0x00000000c0000000, 0x00000000eab00000, 0x00000000eab00000)
  object space 699392K, 60% used [0x00000000c0000000,0x00000000d9d8ab08,0x00000000eab00000)
 Metaspace       used 2645K, capacity 4486K, committed 4864K, reserved 1056768K
  class space    used 291K, capacity 386K, committed 512K, reserved 1048576K


------------------------------默认使用并行GC，堆内存调整到1g之后，FullGC没有出现，但是每次YoungGC的时长变长了



C:\Users\User\javaHomework\02NIO\topic1>java -XX:+UseSerialGC -Xmx1g -Xms1g -XX:+PrintGCDetails -XX:+PrintGCDateStamps GCLogAnalysis
正在执行...
2021-07-04T11:57:06.872+0800: [GC (Allocation Failure) 2021-07-04T11:57:06.872+0800: [DefNew: 279616K->34944K(314560K), 0.0505115 secs] 279616K->86466K(1013632K), 0.0508835 secs] [Times: user=0.02 sys=0.03, rea
l=0.05 secs]
2021-07-04T11:57:07.015+0800: [GC (Allocation Failure) 2021-07-04T11:57:07.015+0800: [DefNew: 314560K->34943K(314560K), 0.0678644 secs] 366082K->164500K(1013632K), 0.0682209 secs] [Times: user=0.03 sys=0.03, re
al=0.07 secs]
2021-07-04T11:57:07.176+0800: [GC (Allocation Failure) 2021-07-04T11:57:07.176+0800: [DefNew: 314559K->34944K(314560K), 0.0570105 secs] 444116K->245286K(1013632K), 0.0574302 secs] [Times: user=0.03 sys=0.03, re
al=0.06 secs]
2021-07-04T11:57:07.331+0800: [GC (Allocation Failure) 2021-07-04T11:57:07.332+0800: [DefNew: 314560K->34942K(314560K), 0.0537823 secs] 524902K->321325K(1013632K), 0.0542219 secs] [Times: user=0.05 sys=0.02, re
al=0.05 secs]
2021-07-04T11:57:07.479+0800: [GC (Allocation Failure) 2021-07-04T11:57:07.479+0800: [DefNew: 314558K->34942K(314560K), 0.0580113 secs] 600941K->405103K(1013632K), 0.0583925 secs] [Times: user=0.03 sys=0.01, re
al=0.06 secs]
执行结束!共生成对象次数:6317
Heap
 def new generation   total 314560K, used 314558K [0x00000000c0000000, 0x00000000d5550000, 0x00000000d5550000)
  eden space 279616K, 100% used [0x00000000c0000000, 0x00000000d1110000, 0x00000000d1110000)
  from space 34944K,  99% used [0x00000000d3330000, 0x00000000d554fba8, 0x00000000d5550000)
  to   space 34944K,   0% used [0x00000000d1110000, 0x00000000d1110000, 0x00000000d3330000)
 tenured generation   total 699072K, used 370160K [0x00000000d5550000, 0x0000000100000000, 0x0000000100000000)
   the space 699072K,  52% used [0x00000000d5550000, 0x00000000ebecc058, 0x00000000ebecc200, 0x0000000100000000)
 Metaspace       used 2645K, capacity 4486K, committed 4864K, reserved 1056768K
  class space    used 291K, capacity 386K, committed 512K, reserved 1048576K
  
------------------------------换成串行GC后，依然只有YoungGC，但是每次GC的消耗时长进一步增大



C:\Users\User\javaHomework\02NIO\topic1>java -XX:+UseConcMarkSweepGC -Xmx1g -Xms1g -XX:+PrintGCDetails -XX:+PrintGCDateStamps GCLogAnalysis
正在执行...
2021-07-04T11:59:00.398+0800: [GC (Allocation Failure) 2021-07-04T11:59:00.399+0800: [ParNew: 279616K->34944K(314560K), 0.0295084 secs] 279616K->89357K(1013632K), 0.0299643 secs] [Times: user=0.09 sys=0.08, rea
l=0.03 secs]
2021-07-04T11:59:00.491+0800: [GC (Allocation Failure) 2021-07-04T11:59:00.491+0800: [ParNew: 314560K->34942K(314560K), 0.0411815 secs] 368973K->172815K(1013632K), 0.0417433 secs] [Times: user=0.08 sys=0.20, re
al=0.04 secs]
2021-07-04T11:59:00.592+0800: [GC (Allocation Failure) 2021-07-04T11:59:00.592+0800: [ParNew: 314558K->34943K(314560K), 0.0415992 secs] 452431K->254417K(1013632K), 0.0435697 secs] [Times: user=0.14 sys=0.02, re
al=0.04 secs]
2021-07-04T11:59:00.698+0800: [GC (Allocation Failure) 2021-07-04T11:59:00.698+0800: [ParNew: 314559K->34944K(314560K), 0.0428186 secs] 534033K->334819K(1013632K), 0.0434301 secs] [Times: user=0.13 sys=0.00, re
al=0.04 secs]
2021-07-04T11:59:00.803+0800: [GC (Allocation Failure) 2021-07-04T11:59:00.804+0800: [ParNew: 314560K->34944K(314560K), 0.0605741 secs] 614435K->419193K(1013632K), 0.0608973 secs] [Times: user=0.11 sys=0.13, re
al=0.06 secs]
2021-07-04T11:59:00.866+0800: [GC (CMS Initial Mark) [1 CMS-initial-mark: 384249K(699072K)] 419890K(1013632K), 0.0003458 secs] [Times: user=0.00 sys=0.00, real=0.00 secs]
2021-07-04T11:59:00.867+0800: [CMS-concurrent-mark-start]
2021-07-04T11:59:00.870+0800: [CMS-concurrent-mark: 0.003/0.003 secs] [Times: user=0.05 sys=0.00, real=0.00 secs]
2021-07-04T11:59:00.870+0800: [CMS-concurrent-preclean-start]
2021-07-04T11:59:00.872+0800: [CMS-concurrent-preclean: 0.001/0.001 secs] [Times: user=0.00 sys=0.00, real=0.00 secs]
2021-07-04T11:59:00.872+0800: [CMS-concurrent-abortable-preclean-start]
2021-07-04T11:59:00.926+0800: [GC (Allocation Failure) 2021-07-04T11:59:00.926+0800: [ParNew2021-07-04T11:59:00.974+0800: [CMS-concurrent-abortable-preclean: 0.001/0.102 secs] [Times: user=0.23 sys=0.08, real=0
.11 secs]
: 314560K->34944K(314560K), 0.0580983 secs] 698809K->499571K(1013632K), 0.0584346 secs] [Times: user=0.19 sys=0.08, real=0.06 secs]
2021-07-04T11:59:00.985+0800: [GC (CMS Final Remark) [YG occupancy: 35232 K (314560 K)]2021-07-04T11:59:00.985+0800: [Rescan (parallel) , 0.0004381 secs]2021-07-04T11:59:00.985+0800: [weak refs processing, 0.00
00869 secs]2021-07-04T11:59:00.986+0800: [class unloading, 0.0004707 secs]2021-07-04T11:59:00.986+0800: [scrub symbol table, 0.0005379 secs]2021-07-04T11:59:00.987+0800: [scrub string table, 0.0001783 secs][1 C
MS-remark: 464627K(699072K)] 499859K(1013632K), 0.0027114 secs] [Times: user=0.00 sys=0.00, real=0.00 secs]
2021-07-04T11:59:00.988+0800: [CMS-concurrent-sweep-start]
2021-07-04T11:59:00.989+0800: [CMS-concurrent-sweep: 0.001/0.001 secs] [Times: user=0.00 sys=0.00, real=0.00 secs]
2021-07-04T11:59:00.989+0800: [CMS-concurrent-reset-start]
2021-07-04T11:59:00.998+0800: [CMS-concurrent-reset: 0.009/0.009 secs] [Times: user=0.02 sys=0.01, real=0.01 secs]
2021-07-04T11:59:01.059+0800: [GC (Allocation Failure) 2021-07-04T11:59:01.060+0800: [ParNew: 314560K->34942K(314560K), 0.0193442 secs] 641080K->437629K(1013632K), 0.0197461 secs] [Times: user=0.05 sys=0.00, re
al=0.02 secs]
2021-07-04T11:59:01.141+0800: [GC (Allocation Failure) 2021-07-04T11:59:01.141+0800: [ParNew: 314558K->34944K(314560K), 0.0245812 secs] 717245K->513300K(1013632K), 0.0248966 secs] [Times: user=0.16 sys=0.00, re
al=0.02 secs]
2021-07-04T11:59:01.166+0800: [GC (CMS Initial Mark) [1 CMS-initial-mark: 478356K(699072K)] 513609K(1013632K), 0.0014046 secs] [Times: user=0.00 sys=0.00, real=0.00 secs]
2021-07-04T11:59:01.168+0800: [CMS-concurrent-mark-start]
2021-07-04T11:59:01.170+0800: [CMS-concurrent-mark: 0.002/0.002 secs] [Times: user=0.00 sys=0.00, real=0.00 secs]
2021-07-04T11:59:01.170+0800: [CMS-concurrent-preclean-start]
2021-07-04T11:59:01.171+0800: [CMS-concurrent-preclean: 0.001/0.001 secs] [Times: user=0.00 sys=0.00, real=0.00 secs]
2021-07-04T11:59:01.171+0800: [CMS-concurrent-abortable-preclean-start]
2021-07-04T11:59:01.229+0800: [GC (Allocation Failure) 2021-07-04T11:59:01.229+0800: [ParNew2021-07-04T11:59:01.272+0800: [CMS-concurrent-abortable-preclean: 0.001/0.101 secs] [Times: user=0.17 sys=0.03, real=0
.10 secs]
: 314560K->34944K(314560K), 0.0608083 secs] 792916K->595715K(1013632K), 0.0611773 secs] [Times: user=0.17 sys=0.03, real=0.06 secs]
2021-07-04T11:59:01.290+0800: [GC (CMS Final Remark) [YG occupancy: 40557 K (314560 K)]2021-07-04T11:59:01.290+0800: [Rescan (parallel) , 0.0004613 secs]2021-07-04T11:59:01.295+0800: [weak refs processing, 0.00
01796 secs]2021-07-04T11:59:01.295+0800: [class unloading, 0.0004521 secs]2021-07-04T11:59:01.295+0800: [scrub symbol table, 0.0004982 secs]2021-07-04T11:59:01.296+0800: [scrub string table, 0.0002801 secs][1 C
MS-remark: 560771K(699072K)] 601329K(1013632K), 0.0063714 secs] [Times: user=0.03 sys=0.03, real=0.01 secs]
2021-07-04T11:59:01.297+0800: 执行结束!共生成对象次数:9672[CMS-concurrent-sweep-start]

Heap
 par new generation   total 314560K, used 46150K [0x00000000c0000000, 0x00000000d5550000, 0x00000000d5550000)
  eden space 279616K,   4% used [0x00000000c0000000, 0x00000000c0af1a88, 0x00000000d1110000)
  from space 34944K, 100% used [0x00000000d3330000, 0x00000000d5550000, 0x00000000d5550000)
  to   space 34944K,   0% used [0x00000000d1110000, 0x00000000d1110000, 0x00000000d3330000)
 concurrent mark-sweep generation total 699072K, used 366839K [0x00000000d5550000, 0x0000000100000000, 0x0000000100000000)
 Metaspace       used 2645K, capacity 4486K, committed 4864K, reserved 1056768K
  class space    used 291K, capacity 386K, committed 512K, reserved 1048576K
2021-07-04T11:59:01.299+0800: [CMS-concurrent-sweep: 0.001/0.001 secs] [Times: user=0.00 sys=0.00, real=0.00 secs]


------------------------------调整成CMS GC后，出现了CMS GC的7个阶段，初始标记、并发标记、并发预清理、可中止的并发预清理、最终标记、并发清除、并发重置


C:\Users\User\javaHomework\02NIO\topic1>java -XX:+UseG1GC -Xmx1g -Xms1g -XX:+PrintGCDetails -XX:+PrintGCDateStamps GCLogAnalysis
正在执行...
2021-07-04T12:08:10.284+0800: [GC pause (G1 Evacuation Pause) (young), 0.0081151 secs]
   [Parallel Time: 7.2 ms, GC Workers: 6]
      [GC Worker Start (ms): Min: 196.0, Avg: 196.0, Max: 196.2, Diff: 0.2]
      [Ext Root Scanning (ms): Min: 0.1, Avg: 0.8, Max: 2.1, Diff: 2.0, Sum: 4.9]
      [Update RS (ms): Min: 0.0, Avg: 0.0, Max: 0.0, Diff: 0.0, Sum: 0.0]
         [Processed Buffers: Min: 0, Avg: 0.0, Max: 0, Diff: 0, Sum: 0]
      [Scan RS (ms): Min: 0.0, Avg: 0.0, Max: 0.0, Diff: 0.0, Sum: 0.1]
      [Code Root Scanning (ms): Min: 0.0, Avg: 0.1, Max: 0.7, Diff: 0.7, Sum: 0.7]
      [Object Copy (ms): Min: 4.8, Avg: 5.9, Max: 6.6, Diff: 1.7, Sum: 35.3]
      [Termination (ms): Min: 0.0, Avg: 0.1, Max: 0.2, Diff: 0.2, Sum: 0.7]
         [Termination Attempts: Min: 1, Avg: 1.0, Max: 1, Diff: 0, Sum: 6]
      [GC Worker Other (ms): Min: 0.0, Avg: 0.0, Max: 0.1, Diff: 0.1, Sum: 0.3]
      [GC Worker Total (ms): Min: 6.8, Avg: 7.0, Max: 7.1, Diff: 0.3, Sum: 42.0]
      [GC Worker End (ms): Min: 203.0, Avg: 203.0, Max: 203.1, Diff: 0.1]
   [Code Root Fixup: 0.0 ms]
   [Code Root Purge: 0.0 ms]
   [Clear CT: 0.1 ms]
   [Other: 0.9 ms]
      [Choose CSet: 0.0 ms]
      [Ref Proc: 0.2 ms]
      [Ref Enq: 0.0 ms]
      [Redirty Cards: 0.1 ms]
      [Humongous Register: 0.0 ms]
      [Humongous Reclaim: 0.0 ms]
      [Free CSet: 0.0 ms]
   [Eden: 51.0M(51.0M)->0.0B(44.0M) Survivors: 0.0B->7168.0K Heap: 61.9M(1024.0M)->23.2M(1024.0M)]
 [Times: user=0.03 sys=0.06, real=0.01 secs]
2021-07-04T12:08:10.314+0800: [GC pause (G1 Evacuation Pause) (young), 0.0053015 secs]
   [Parallel Time: 4.5 ms, GC Workers: 6]
      [GC Worker Start (ms): Min: 225.2, Avg: 225.3, Max: 225.9, Diff: 0.7]
      [Ext Root Scanning (ms): Min: 0.0, Avg: 0.2, Max: 0.2, Diff: 0.2, Sum: 1.1]
      [Update RS (ms): Min: 0.0, Avg: 0.2, Max: 0.2, Diff: 0.2, Sum: 1.1]
         [Processed Buffers: Min: 0, Avg: 2.0, Max: 3, Diff: 3, Sum: 12]
      [Scan RS (ms): Min: 0.0, Avg: 0.0, Max: 0.0, Diff: 0.0, Sum: 0.1]
      [Code Root Scanning (ms): Min: 0.0, Avg: 0.0, Max: 0.0, Diff: 0.0, Sum: 0.0]
      [Object Copy (ms): Min: 3.7, Avg: 3.9, Max: 4.0, Diff: 0.3, Sum: 23.5]
      [Termination (ms): Min: 0.0, Avg: 0.0, Max: 0.1, Diff: 0.1, Sum: 0.2]
         [Termination Attempts: Min: 1, Avg: 1.0, Max: 1, Diff: 0, Sum: 6]
      [GC Worker Other (ms): Min: 0.0, Avg: 0.0, Max: 0.0, Diff: 0.0, Sum: 0.1]
      [GC Worker Total (ms): Min: 3.8, Avg: 4.3, Max: 4.5, Diff: 0.7, Sum: 26.1]
      [GC Worker End (ms): Min: 229.6, Avg: 229.6, Max: 229.7, Diff: 0.0]
   [Code Root Fixup: 0.0 ms]
   [Code Root Purge: 0.0 ms]
   [Clear CT: 0.1 ms]
   [Other: 0.7 ms]
      [Choose CSet: 0.0 ms]
      [Ref Proc: 0.1 ms]
      [Ref Enq: 0.0 ms]
      [Redirty Cards: 0.1 ms]
      [Humongous Register: 0.0 ms]
      [Humongous Reclaim: 0.0 ms]
      [Free CSet: 0.0 ms]
   [Eden: 44.0M(44.0M)->0.0B(44.0M) Survivors: 7168.0K->7168.0K Heap: 74.3M(1024.0M)->39.3M(1024.0M)]
 [Times: user=0.00 sys=0.00, real=0.01 secs]
2021-07-04T12:08:10.341+0800: [GC pause (G1 Evacuation Pause) (young), 0.0055355 secs]
   [Parallel Time: 4.8 ms, GC Workers: 6]
      [GC Worker Start (ms): Min: 252.6, Avg: 252.7, Max: 253.0, Diff: 0.4]
      [Ext Root Scanning (ms): Min: 0.0, Avg: 0.2, Max: 0.2, Diff: 0.2, Sum: 1.0]
      [Update RS (ms): Min: 0.0, Avg: 0.1, Max: 0.2, Diff: 0.2, Sum: 0.7]
         [Processed Buffers: Min: 0, Avg: 1.7, Max: 2, Diff: 2, Sum: 10]
      [Scan RS (ms): Min: 0.0, Avg: 0.0, Max: 0.0, Diff: 0.0, Sum: 0.1]
      [Code Root Scanning (ms): Min: 0.0, Avg: 0.0, Max: 0.0, Diff: 0.0, Sum: 0.0]
      [Object Copy (ms): Min: 4.0, Avg: 4.1, Max: 4.3, Diff: 0.3, Sum: 24.9]
      [Termination (ms): Min: 0.0, Avg: 0.2, Max: 0.3, Diff: 0.3, Sum: 1.0]
         [Termination Attempts: Min: 1, Avg: 1.0, Max: 1, Diff: 0, Sum: 6]
      [GC Worker Other (ms): Min: 0.0, Avg: 0.0, Max: 0.0, Diff: 0.0, Sum: 0.1]
      [GC Worker Total (ms): Min: 4.4, Avg: 4.6, Max: 4.7, Diff: 0.4, Sum: 27.8]
      [GC Worker End (ms): Min: 257.3, Avg: 257.3, Max: 257.3, Diff: 0.0]
   [Code Root Fixup: 0.0 ms]
   [Code Root Purge: 0.0 ms]
   [Clear CT: 0.1 ms]
   [Other: 0.7 ms]
      [Choose CSet: 0.0 ms]
      [Ref Proc: 0.1 ms]
      [Ref Enq: 0.0 ms]
      [Redirty Cards: 0.1 ms]
      [Humongous Register: 0.0 ms]
      [Humongous Reclaim: 0.0 ms]
      [Free CSet: 0.0 ms]
   [Eden: 44.0M(44.0M)->0.0B(56.0M) Survivors: 7168.0K->7168.0K Heap: 95.1M(1024.0M)->59.8M(1024.0M)]
 [Times: user=0.00 sys=0.00, real=0.01 secs]
2021-07-04T12:08:10.373+0800: [GC pause (G1 Evacuation Pause) (young), 0.0076331 secs]
   [Parallel Time: 6.9 ms, GC Workers: 6]
      [GC Worker Start (ms): Min: 284.8, Avg: 286.0, Max: 291.6, Diff: 6.8]
      [Ext Root Scanning (ms): Min: 0.0, Avg: 0.2, Max: 0.3, Diff: 0.2, Sum: 1.1]
      [Update RS (ms): Min: 0.0, Avg: 0.1, Max: 0.2, Diff: 0.2, Sum: 0.9]
         [Processed Buffers: Min: 0, Avg: 1.7, Max: 3, Diff: 3, Sum: 10]
      [Scan RS (ms): Min: 0.0, Avg: 0.0, Max: 0.0, Diff: 0.0, Sum: 0.1]
      [Code Root Scanning (ms): Min: 0.0, Avg: 0.0, Max: 0.0, Diff: 0.0, Sum: 0.0]
      [Object Copy (ms): Min: 0.0, Avg: 5.3, Max: 6.4, Diff: 6.4, Sum: 31.5]
      [Termination (ms): Min: 0.0, Avg: 0.0, Max: 0.1, Diff: 0.1, Sum: 0.3]
         [Termination Attempts: Min: 1, Avg: 1.0, Max: 1, Diff: 0, Sum: 6]
      [GC Worker Other (ms): Min: 0.0, Avg: 0.0, Max: 0.0, Diff: 0.0, Sum: 0.1]
      [GC Worker Total (ms): Min: 0.0, Avg: 5.7, Max: 6.8, Diff: 6.8, Sum: 34.0]
      [GC Worker End (ms): Min: 291.6, Avg: 291.6, Max: 291.6, Diff: 0.0]
   [Code Root Fixup: 0.0 ms]
   [Code Root Purge: 0.0 ms]
   [Clear CT: 0.1 ms]
   [Other: 0.6 ms]
      [Choose CSet: 0.0 ms]
      [Ref Proc: 0.1 ms]
      [Ref Enq: 0.0 ms]
      [Redirty Cards: 0.1 ms]
      [Humongous Register: 0.1 ms]
      [Humongous Reclaim: 0.0 ms]
      [Free CSet: 0.0 ms]
   [Eden: 56.0M(56.0M)->0.0B(206.0M) Survivors: 7168.0K->8192.0K Heap: 129.3M(1024.0M)->83.5M(1024.0M)]
 [Times: user=0.00 sys=0.00, real=0.01 secs]
2021-07-04T12:08:10.520+0800: [GC pause (G1 Evacuation Pause) (young), 0.0207786 secs]
   [Parallel Time: 19.7 ms, GC Workers: 6]
      [GC Worker Start (ms): Min: 431.6, Avg: 431.6, Max: 431.7, Diff: 0.1]
      [Ext Root Scanning (ms): Min: 0.2, Avg: 0.2, Max: 0.2, Diff: 0.0, Sum: 1.3]
      [Update RS (ms): Min: 0.2, Avg: 0.2, Max: 0.3, Diff: 0.1, Sum: 1.5]
         [Processed Buffers: Min: 1, Avg: 2.5, Max: 3, Diff: 2, Sum: 15]
      [Scan RS (ms): Min: 0.0, Avg: 0.0, Max: 0.1, Diff: 0.0, Sum: 0.2]
      [Code Root Scanning (ms): Min: 0.0, Avg: 0.0, Max: 0.0, Diff: 0.0, Sum: 0.1]
      [Object Copy (ms): Min: 18.9, Avg: 19.0, Max: 19.1, Diff: 0.2, Sum: 113.9]
      [Termination (ms): Min: 0.0, Avg: 0.1, Max: 0.2, Diff: 0.2, Sum: 0.7]
         [Termination Attempts: Min: 1, Avg: 1.0, Max: 1, Diff: 0, Sum: 6]
      [GC Worker Other (ms): Min: 0.0, Avg: 0.0, Max: 0.1, Diff: 0.0, Sum: 0.2]
      [GC Worker Total (ms): Min: 19.6, Avg: 19.6, Max: 19.7, Diff: 0.1, Sum: 117.7]
      [GC Worker End (ms): Min: 451.2, Avg: 451.3, Max: 451.3, Diff: 0.1]
   [Code Root Fixup: 0.0 ms]
   [Code Root Purge: 0.0 ms]
   [Clear CT: 0.1 ms]
   [Other: 0.9 ms]
      [Choose CSet: 0.0 ms]
      [Ref Proc: 0.1 ms]
      [Ref Enq: 0.0 ms]
      [Redirty Cards: 0.1 ms]
      [Humongous Register: 0.1 ms]
      [Humongous Reclaim: 0.1 ms]
      [Free CSet: 0.1 ms]
   [Eden: 206.0M(206.0M)->0.0B(66.0M) Survivors: 8192.0K->27.0M Heap: 359.9M(1024.0M)->167.6M(1024.0M)]
 [Times: user=0.05 sys=0.06, real=0.03 secs]
2021-07-04T12:08:10.572+0800: [GC pause (G1 Evacuation Pause) (young), 0.0049528 secs]
   [Parallel Time: 3.7 ms, GC Workers: 6]
      [GC Worker Start (ms): Min: 484.1, Avg: 484.5, Max: 485.4, Diff: 1.3]
      [Ext Root Scanning (ms): Min: 0.0, Avg: 0.1, Max: 0.2, Diff: 0.2, Sum: 0.9]
      [Update RS (ms): Min: 0.0, Avg: 0.2, Max: 0.6, Diff: 0.6, Sum: 1.3]
         [Processed Buffers: Min: 0, Avg: 2.0, Max: 5, Diff: 5, Sum: 12]
      [Scan RS (ms): Min: 0.0, Avg: 0.0, Max: 0.0, Diff: 0.0, Sum: 0.1]
      [Code Root Scanning (ms): Min: 0.0, Avg: 0.0, Max: 0.0, Diff: 0.0, Sum: 0.0]
      [Object Copy (ms): Min: 0.8, Avg: 2.4, Max: 3.1, Diff: 2.3, Sum: 14.3]
      [Termination (ms): Min: 0.0, Avg: 0.5, Max: 2.3, Diff: 2.3, Sum: 2.7]
         [Termination Attempts: Min: 1, Avg: 1.5, Max: 2, Diff: 1, Sum: 9]
      [GC Worker Other (ms): Min: 0.0, Avg: 0.0, Max: 0.0, Diff: 0.0, Sum: 0.1]
      [GC Worker Total (ms): Min: 2.4, Avg: 3.2, Max: 3.7, Diff: 1.3, Sum: 19.4]
      [GC Worker End (ms): Min: 487.8, Avg: 487.8, Max: 487.8, Diff: 0.0]
   [Code Root Fixup: 0.0 ms]
   [Code Root Purge: 0.0 ms]
   [Clear CT: 0.1 ms]
   [Other: 1.2 ms]
      [Choose CSet: 0.0 ms]
      [Ref Proc: 0.1 ms]
      [Ref Enq: 0.0 ms]
      [Redirty Cards: 0.1 ms]
      [Humongous Register: 0.1 ms]
      [Humongous Reclaim: 0.1 ms]
      [Free CSet: 0.1 ms]
   [Eden: 66.0M(66.0M)->0.0B(145.0M) Survivors: 27.0M->12.0M Heap: 251.2M(1024.0M)->197.4M(1024.0M)]
 [Times: user=0.00 sys=0.00, real=0.01 secs]
2021-07-04T12:08:10.637+0800: [GC pause (G1 Evacuation Pause) (young), 0.0127620 secs]
   [Parallel Time: 11.7 ms, GC Workers: 6]
      [GC Worker Start (ms): Min: 548.8, Avg: 549.0, Max: 549.2, Diff: 0.4]
      [Ext Root Scanning (ms): Min: 0.0, Avg: 0.1, Max: 0.2, Diff: 0.2, Sum: 0.7]
      [Update RS (ms): Min: 0.1, Avg: 0.2, Max: 0.3, Diff: 0.1, Sum: 1.3]
         [Processed Buffers: Min: 0, Avg: 2.2, Max: 4, Diff: 4, Sum: 13]
      [Scan RS (ms): Min: 0.0, Avg: 0.0, Max: 0.0, Diff: 0.0, Sum: 0.2]
      [Code Root Scanning (ms): Min: 0.0, Avg: 0.0, Max: 0.0, Diff: 0.0, Sum: 0.1]
      [Object Copy (ms): Min: 10.7, Avg: 10.8, Max: 10.9, Diff: 0.2, Sum: 64.8]
      [Termination (ms): Min: 0.0, Avg: 0.1, Max: 0.2, Diff: 0.2, Sum: 0.7]
         [Termination Attempts: Min: 1, Avg: 1.0, Max: 1, Diff: 0, Sum: 6]
      [GC Worker Other (ms): Min: 0.0, Avg: 0.0, Max: 0.1, Diff: 0.0, Sum: 0.2]
      [GC Worker Total (ms): Min: 11.1, Avg: 11.3, Max: 11.6, Diff: 0.5, Sum: 68.0]
      [GC Worker End (ms): Min: 560.3, Avg: 560.4, Max: 560.4, Diff: 0.1]
   [Code Root Fixup: 0.0 ms]
   [Code Root Purge: 0.0 ms]
   [Clear CT: 0.1 ms]
   [Other: 0.9 ms]
      [Choose CSet: 0.0 ms]
      [Ref Proc: 0.2 ms]
      [Ref Enq: 0.0 ms]
      [Redirty Cards: 0.1 ms]
      [Humongous Register: 0.1 ms]
      [Humongous Reclaim: 0.1 ms]
      [Free CSet: 0.1 ms]
   [Eden: 145.0M(145.0M)->0.0B(175.0M) Survivors: 12.0M->20.0M Heap: 377.1M(1024.0M)->243.0M(1024.0M)]
 [Times: user=0.00 sys=0.00, real=0.02 secs]
2021-07-04T12:08:10.709+0800: [GC pause (G1 Evacuation Pause) (young), 0.0170271 secs]
   [Parallel Time: 15.9 ms, GC Workers: 6]
      [GC Worker Start (ms): Min: 620.4, Avg: 620.4, Max: 620.4, Diff: 0.0]
      [Ext Root Scanning (ms): Min: 0.2, Avg: 0.2, Max: 0.2, Diff: 0.0, Sum: 1.3]
      [Update RS (ms): Min: 0.2, Avg: 0.2, Max: 0.3, Diff: 0.1, Sum: 1.5]
         [Processed Buffers: Min: 0, Avg: 2.3, Max: 3, Diff: 3, Sum: 14]
      [Scan RS (ms): Min: 0.0, Avg: 0.0, Max: 0.1, Diff: 0.0, Sum: 0.2]
      [Code Root Scanning (ms): Min: 0.0, Avg: 0.0, Max: 0.0, Diff: 0.0, Sum: 0.1]
      [Object Copy (ms): Min: 15.1, Avg: 15.2, Max: 15.3, Diff: 0.2, Sum: 91.3]
      [Termination (ms): Min: 0.0, Avg: 0.1, Max: 0.2, Diff: 0.2, Sum: 0.7]
         [Termination Attempts: Min: 1, Avg: 1.8, Max: 2, Diff: 1, Sum: 11]
      [GC Worker Other (ms): Min: 0.0, Avg: 0.0, Max: 0.0, Diff: 0.0, Sum: 0.1]
      [GC Worker Total (ms): Min: 15.8, Avg: 15.9, Max: 15.9, Diff: 0.1, Sum: 95.1]
      [GC Worker End (ms): Min: 636.2, Avg: 636.3, Max: 636.3, Diff: 0.0]
   [Code Root Fixup: 0.0 ms]
   [Code Root Purge: 0.0 ms]
   [Clear CT: 0.1 ms]
   [Other: 1.0 ms]
      [Choose CSet: 0.0 ms]
      [Ref Proc: 0.2 ms]
      [Ref Enq: 0.0 ms]
      [Redirty Cards: 0.1 ms]
      [Humongous Register: 0.1 ms]
      [Humongous Reclaim: 0.1 ms]
      [Free CSet: 0.1 ms]
   [Eden: 175.0M(175.0M)->0.0B(251.0M) Survivors: 20.0M->25.0M Heap: 457.0M(1024.0M)->302.6M(1024.0M)]
 [Times: user=0.00 sys=0.11, real=0.02 secs]
2021-07-04T12:08:10.835+0800: [GC pause (G1 Evacuation Pause) (young), 0.0267568 secs]
   [Parallel Time: 25.6 ms, GC Workers: 6]
      [GC Worker Start (ms): Min: 746.3, Avg: 746.4, Max: 746.4, Diff: 0.0]
      [Ext Root Scanning (ms): Min: 0.2, Avg: 0.2, Max: 0.2, Diff: 0.0, Sum: 1.2]
      [Update RS (ms): Min: 0.3, Avg: 0.4, Max: 0.4, Diff: 0.1, Sum: 2.2]
         [Processed Buffers: Min: 1, Avg: 3.3, Max: 4, Diff: 3, Sum: 20]
      [Scan RS (ms): Min: 0.0, Avg: 0.0, Max: 0.1, Diff: 0.0, Sum: 0.3]
      [Code Root Scanning (ms): Min: 0.0, Avg: 0.0, Max: 0.0, Diff: 0.0, Sum: 0.1]
      [Object Copy (ms): Min: 24.6, Avg: 24.7, Max: 24.8, Diff: 0.2, Sum: 148.3]
      [Termination (ms): Min: 0.0, Avg: 0.1, Max: 0.3, Diff: 0.3, Sum: 0.7]
         [Termination Attempts: Min: 1, Avg: 1.0, Max: 1, Diff: 0, Sum: 6]
      [GC Worker Other (ms): Min: 0.0, Avg: 0.0, Max: 0.0, Diff: 0.0, Sum: 0.1]
      [GC Worker Total (ms): Min: 25.4, Avg: 25.5, Max: 25.6, Diff: 0.1, Sum: 152.9]
      [GC Worker End (ms): Min: 771.8, Avg: 771.8, Max: 771.9, Diff: 0.1]
   [Code Root Fixup: 0.0 ms]
   [Code Root Purge: 0.0 ms]
   [Clear CT: 0.1 ms]
   [Other: 1.0 ms]
      [Choose CSet: 0.0 ms]
      [Ref Proc: 0.2 ms]
      [Ref Enq: 0.0 ms]
      [Redirty Cards: 0.1 ms]
      [Humongous Register: 0.1 ms]
      [Humongous Reclaim: 0.2 ms]
      [Free CSet: 0.1 ms]
   [Eden: 251.0M(251.0M)->0.0B(239.0M) Survivors: 25.0M->35.0M Heap: 623.4M(1024.0M)->381.3M(1024.0M)]
 [Times: user=0.03 sys=0.14, real=0.04 secs]
2021-07-04T12:08:10.919+0800: [GC pause (G1 Humongous Allocation) (young) (initial-mark), 0.0112661 secs]
   [Parallel Time: 10.2 ms, GC Workers: 6]
      [GC Worker Start (ms): Min: 830.5, Avg: 830.5, Max: 830.7, Diff: 0.2]
      [Ext Root Scanning (ms): Min: 0.0, Avg: 0.2, Max: 0.3, Diff: 0.2, Sum: 1.2]
      [Update RS (ms): Min: 0.2, Avg: 0.3, Max: 0.3, Diff: 0.1, Sum: 1.5]
         [Processed Buffers: Min: 0, Avg: 2.7, Max: 4, Diff: 4, Sum: 16]
      [Scan RS (ms): Min: 0.0, Avg: 0.0, Max: 0.1, Diff: 0.0, Sum: 0.2]
      [Code Root Scanning (ms): Min: 0.0, Avg: 0.0, Max: 0.0, Diff: 0.0, Sum: 0.1]
      [Object Copy (ms): Min: 9.2, Avg: 9.3, Max: 9.6, Diff: 0.4, Sum: 56.0]
      [Termination (ms): Min: 0.0, Avg: 0.2, Max: 0.4, Diff: 0.4, Sum: 1.5]
         [Termination Attempts: Min: 1, Avg: 1.8, Max: 2, Diff: 1, Sum: 11]
      [GC Worker Other (ms): Min: 0.0, Avg: 0.0, Max: 0.0, Diff: 0.0, Sum: 0.1]
      [GC Worker Total (ms): Min: 9.9, Avg: 10.1, Max: 10.2, Diff: 0.2, Sum: 60.6]
      [GC Worker End (ms): Min: 840.6, Avg: 840.6, Max: 840.6, Diff: 0.0]
   [Code Root Fixup: 0.0 ms]
   [Code Root Purge: 0.0 ms]
   [Clear CT: 0.1 ms]
   [Other: 0.9 ms]
      [Choose CSet: 0.0 ms]
      [Ref Proc: 0.1 ms]
      [Ref Enq: 0.0 ms]
      [Redirty Cards: 0.1 ms]
      [Humongous Register: 0.1 ms]
      [Humongous Reclaim: 0.1 ms]
      [Free CSet: 0.1 ms]
   [Eden: 172.0M(239.0M)->0.0B(256.0M) Survivors: 35.0M->35.0M Heap: 602.3M(1024.0M)->435.7M(1024.0M)]
 [Times: user=0.00 sys=0.00, real=0.02 secs]
2021-07-04T12:08:10.934+0800: [GC concurrent-root-region-scan-start]
2021-07-04T12:08:10.934+0800: [GC concurrent-root-region-scan-end, 0.0002894 secs]
2021-07-04T12:08:10.934+0800: [GC concurrent-mark-start]
2021-07-04T12:08:10.937+0800: [GC concurrent-mark-end, 0.0021743 secs]
2021-07-04T12:08:10.937+0800: [GC remark 2021-07-04T12:08:10.939+0800: [Finalize Marking, 0.0001970 secs] 2021-07-04T12:08:10.939+0800: [GC ref-proc, 0.0001794 secs] 2021-07-04T12:08:10.939+0800: [Unloading, 0.
0006602 secs], 0.0035761 secs]
 [Times: user=0.00 sys=0.00, real=0.00 secs]
2021-07-04T12:08:10.941+0800: [GC cleanup 446M->429M(1024M), 0.0009392 secs]
 [Times: user=0.00 sys=0.00, real=0.00 secs]
2021-07-04T12:08:10.942+0800: [GC concurrent-cleanup-start]
2021-07-04T12:08:10.942+0800: [GC concurrent-cleanup-end, 0.0002254 secs]
2021-07-04T12:08:11.038+0800: [GC pause (G1 Evacuation Pause) (young), 0.0203453 secs]
   [Parallel Time: 19.2 ms, GC Workers: 6]
      [GC Worker Start (ms): Min: 949.7, Avg: 949.7, Max: 949.8, Diff: 0.0]
      [Ext Root Scanning (ms): Min: 0.2, Avg: 0.2, Max: 0.2, Diff: 0.0, Sum: 1.3]
      [Update RS (ms): Min: 0.4, Avg: 0.5, Max: 0.7, Diff: 0.4, Sum: 2.7]
         [Processed Buffers: Min: 0, Avg: 3.5, Max: 5, Diff: 5, Sum: 21]
      [Scan RS (ms): Min: 0.0, Avg: 0.1, Max: 0.1, Diff: 0.1, Sum: 0.3]
      [Code Root Scanning (ms): Min: 0.0, Avg: 0.0, Max: 0.0, Diff: 0.0, Sum: 0.1]
      [Object Copy (ms): Min: 18.1, Avg: 18.1, Max: 18.2, Diff: 0.1, Sum: 108.7]
      [Termination (ms): Min: 0.0, Avg: 0.2, Max: 0.4, Diff: 0.4, Sum: 1.3]
         [Termination Attempts: Min: 1, Avg: 1.0, Max: 1, Diff: 0, Sum: 6]
      [GC Worker Other (ms): Min: 0.0, Avg: 0.0, Max: 0.0, Diff: 0.0, Sum: 0.1]
      [GC Worker Total (ms): Min: 19.0, Avg: 19.1, Max: 19.2, Diff: 0.1, Sum: 114.5]
      [GC Worker End (ms): Min: 968.8, Avg: 968.8, Max: 968.9, Diff: 0.1]
   [Code Root Fixup: 0.0 ms]
   [Code Root Purge: 0.0 ms]
   [Clear CT: 0.1 ms]
   [Other: 1.0 ms]
      [Choose CSet: 0.0 ms]
      [Ref Proc: 0.2 ms]
      [Ref Enq: 0.0 ms]
      [Redirty Cards: 0.1 ms]
      [Humongous Register: 0.1 ms]
      [Humongous Reclaim: 0.2 ms]
      [Free CSet: 0.2 ms]
   [Eden: 256.0M(256.0M)->0.0B(14.0M) Survivors: 35.0M->37.0M Heap: 741.9M(1024.0M)->492.2M(1024.0M)]
 [Times: user=0.09 sys=0.09, real=0.03 secs]
2021-07-04T12:08:11.073+0800: [GC pause (G1 Evacuation Pause) (mixed), 0.0133954 secs]
   [Parallel Time: 12.4 ms, GC Workers: 6]
      [GC Worker Start (ms): Min: 984.5, Avg: 984.5, Max: 984.6, Diff: 0.0]
      [Ext Root Scanning (ms): Min: 0.2, Avg: 0.2, Max: 0.2, Diff: 0.0, Sum: 1.3]
      [Update RS (ms): Min: 0.4, Avg: 0.5, Max: 0.5, Diff: 0.1, Sum: 2.8]
         [Processed Buffers: Min: 2, Avg: 4.0, Max: 5, Diff: 3, Sum: 24]
      [Scan RS (ms): Min: 0.0, Avg: 0.2, Max: 1.1, Diff: 1.1, Sum: 1.4]
      [Code Root Scanning (ms): Min: 0.0, Avg: 0.0, Max: 0.0, Diff: 0.0, Sum: 0.1]
      [Object Copy (ms): Min: 9.2, Avg: 10.1, Max: 11.5, Diff: 2.3, Sum: 60.8]
      [Termination (ms): Min: 0.0, Avg: 1.2, Max: 2.3, Diff: 2.3, Sum: 7.1]
         [Termination Attempts: Min: 1, Avg: 1.0, Max: 1, Diff: 0, Sum: 6]
      [GC Worker Other (ms): Min: 0.0, Avg: 0.0, Max: 0.0, Diff: 0.0, Sum: 0.1]
      [GC Worker Total (ms): Min: 12.2, Avg: 12.3, Max: 12.3, Diff: 0.1, Sum: 73.5]
      [GC Worker End (ms): Min: 996.8, Avg: 996.8, Max: 996.8, Diff: 0.0]
   [Code Root Fixup: 0.0 ms]
   [Code Root Purge: 0.0 ms]
   [Clear CT: 0.1 ms]
   [Other: 0.9 ms]
      [Choose CSet: 0.1 ms]
      [Ref Proc: 0.2 ms]
      [Ref Enq: 0.0 ms]
      [Redirty Cards: 0.1 ms]
      [Humongous Register: 0.1 ms]
      [Humongous Reclaim: 0.0 ms]
      [Free CSet: 0.2 ms]
   [Eden: 14.0M(14.0M)->0.0B(46.0M) Survivors: 37.0M->5120.0K Heap: 511.0M(1024.0M)->410.4M(1024.0M)]
 [Times: user=0.00 sys=0.00, real=0.02 secs]
2021-07-04T12:08:11.106+0800: [GC pause (G1 Evacuation Pause) (mixed), 0.0080448 secs]
   [Parallel Time: 7.2 ms, GC Workers: 6]
      [GC Worker Start (ms): Min: 1017.8, Avg: 1019.9, Max: 1024.2, Diff: 6.4]
      [Ext Root Scanning (ms): Min: 0.0, Avg: 0.2, Max: 0.2, Diff: 0.2, Sum: 0.9]
      [Update RS (ms): Min: 0.0, Avg: 0.3, Max: 0.4, Diff: 0.4, Sum: 1.7]
         [Processed Buffers: Min: 0, Avg: 3.3, Max: 7, Diff: 7, Sum: 20]
      [Scan RS (ms): Min: 0.0, Avg: 0.0, Max: 0.0, Diff: 0.0, Sum: 0.1]
      [Code Root Scanning (ms): Min: 0.0, Avg: 0.0, Max: 0.0, Diff: 0.0, Sum: 0.0]
      [Object Copy (ms): Min: 0.0, Avg: 4.0, Max: 6.5, Diff: 6.5, Sum: 23.9]
      [Termination (ms): Min: 0.0, Avg: 0.6, Max: 0.8, Diff: 0.8, Sum: 3.6]
         [Termination Attempts: Min: 1, Avg: 1.0, Max: 1, Diff: 0, Sum: 6]
      [GC Worker Other (ms): Min: 0.0, Avg: 0.0, Max: 0.0, Diff: 0.0, Sum: 0.1]
      [GC Worker Total (ms): Min: 0.8, Avg: 5.1, Max: 7.2, Diff: 6.4, Sum: 30.4]
      [GC Worker End (ms): Min: 1024.9, Avg: 1025.0, Max: 1025.0, Diff: 0.0]
   [Code Root Fixup: 0.0 ms]
   [Code Root Purge: 0.0 ms]
   [Clear CT: 0.1 ms]
   [Other: 0.7 ms]
      [Choose CSet: 0.0 ms]
      [Ref Proc: 0.1 ms]
      [Ref Enq: 0.0 ms]
      [Redirty Cards: 0.1 ms]
      [Humongous Register: 0.1 ms]
      [Humongous Reclaim: 0.1 ms]
      [Free CSet: 0.0 ms]
   [Eden: 46.0M(46.0M)->0.0B(347.0M) Survivors: 5120.0K->7168.0K Heap: 473.5M(1024.0M)->422.6M(1024.0M)]
 [Times: user=0.00 sys=0.00, real=0.01 secs]
2021-07-04T12:08:11.119+0800: [GC pause (G1 Humongous Allocation) (young) (initial-mark), 0.0014222 secs]
   [Parallel Time: 0.7 ms, GC Workers: 6]
      [GC Worker Start (ms): Min: 1030.5, Avg: 1030.5, Max: 1030.7, Diff: 0.2]
      [Ext Root Scanning (ms): Min: 0.0, Avg: 0.2, Max: 0.3, Diff: 0.3, Sum: 1.3]
      [Update RS (ms): Min: 0.0, Avg: 0.1, Max: 0.2, Diff: 0.2, Sum: 0.4]
         [Processed Buffers: Min: 0, Avg: 0.8, Max: 1, Diff: 1, Sum: 5]
      [Scan RS (ms): Min: 0.0, Avg: 0.0, Max: 0.0, Diff: 0.0, Sum: 0.0]
      [Code Root Scanning (ms): Min: 0.0, Avg: 0.0, Max: 0.0, Diff: 0.0, Sum: 0.0]
      [Object Copy (ms): Min: 0.2, Avg: 0.2, Max: 0.3, Diff: 0.1, Sum: 1.5]
      [Termination (ms): Min: 0.0, Avg: 0.0, Max: 0.1, Diff: 0.1, Sum: 0.2]
         [Termination Attempts: Min: 1, Avg: 1.8, Max: 4, Diff: 3, Sum: 11]
      [GC Worker Other (ms): Min: 0.0, Avg: 0.0, Max: 0.0, Diff: 0.0, Sum: 0.1]
      [GC Worker Total (ms): Min: 0.4, Avg: 0.6, Max: 0.6, Diff: 0.2, Sum: 3.5]
      [GC Worker End (ms): Min: 1031.1, Avg: 1031.1, Max: 1031.1, Diff: 0.0]
   [Code Root Fixup: 0.0 ms]
   [Code Root Purge: 0.0 ms]
   [Clear CT: 0.1 ms]
   [Other: 0.6 ms]
      [Choose CSet: 0.0 ms]
      [Ref Proc: 0.1 ms]
      [Ref Enq: 0.0 ms]
      [Redirty Cards: 0.1 ms]
      [Humongous Register: 0.1 ms]
      [Humongous Reclaim: 0.0 ms]
      [Free CSet: 0.0 ms]
   [Eden: 1024.0K(347.0M)->0.0B(358.0M) Survivors: 7168.0K->8192.0K Heap: 423.2M(1024.0M)->422.7M(1024.0M)]
 [Times: user=0.02 sys=0.00, real=0.01 secs]
2021-07-04T12:08:11.124+0800: [GC concurrent-root-region-scan-start]
2021-07-04T12:08:11.125+0800: [GC concurrent-root-region-scan-end, 0.0006647 secs]
2021-07-04T12:08:11.130+0800: [GC concurrent-mark-start]
2021-07-04T12:08:11.133+0800: [GC concurrent-mark-end, 0.0025121 secs]
2021-07-04T12:08:11.133+0800: [GC remark 2021-07-04T12:08:11.133+0800: [Finalize Marking, 0.0001819 secs] 2021-07-04T12:08:11.134+0800: [GC ref-proc, 0.0001635 secs] 2021-07-04T12:08:11.134+0800: [Unloading, 0.
0006514 secs], 0.0021524 secs]
 [Times: user=0.00 sys=0.02, real=0.00 secs]
2021-07-04T12:08:11.136+0800: [GC cleanup 458M->458M(1024M), 0.0012157 secs]
 [Times: user=0.00 sys=0.00, real=0.00 secs]
执行结束!共生成对象次数:8482
Heap
 garbage-first heap   total 1048576K, used 855590K [0x00000000c0000000, 0x00000000c0102000, 0x0000000100000000)
  region size 1024K, 330 young (337920K), 8 survivors (8192K)
 Metaspace       used 2645K, capacity 4486K, committed 4864K, reserved 1056768K
  class space    used 291K, capacity 386K, committed 512K, reserved 1048576K


------------------------------调整成G1GC后，可以看到多个region的类似CMSGC的垃圾回收过程，每个region消耗的GC时长非常短，在个位数的ms级别